// Jest Snapshot v1, https://goo.gl/fbAQLP

exports[`<ScanScreen /> 正しくレンダリングされていること 1`] = `
ShallowWrapper {
  "length": 1,
  Symbol(enzyme.__root__): [Circular],
  Symbol(enzyme.__unrendered__): <ScanScreen
    image=""
    published="2018-02-09T00:00:00Z"
    title="javascript "
  />,
  Symbol(enzyme.__renderer__): Object {
    "batchedUpdates": [Function],
    "getNode": [Function],
    "render": [Function],
    "simulateEvent": [Function],
    "unmount": [Function],
  },
  Symbol(enzyme.__node__): Object {
    "instance": null,
    "key": undefined,
    "nodeType": "class",
    "props": Object {
      "children": <View
        style={
          Object {
            "alignItems": "center",
            "flex": 1,
            "justifyContent": "center",
            "padding": 10,
          }
        }
      >
        <TextElement
          style={
            Object {
              "color": "white",
            }
          }
        >
          カメラを使用できません
        </TextElement>
      </View>,
      "style": Object {
        "backgroundColor": "#000",
        "flex": 1,
      },
    },
    "ref": null,
    "rendered": Object {
      "instance": null,
      "key": undefined,
      "nodeType": "class",
      "props": Object {
        "children": <TextElement
          style={
            Object {
              "color": "white",
            }
          }
        >
          カメラを使用できません
        </TextElement>,
        "style": Object {
          "alignItems": "center",
          "flex": 1,
          "justifyContent": "center",
          "padding": 10,
        },
      },
      "ref": null,
      "rendered": Object {
        "instance": null,
        "key": undefined,
        "nodeType": "function",
        "props": Object {
          "children": "カメラを使用できません",
          "style": Object {
            "color": "white",
          },
        },
        "ref": null,
        "rendered": "カメラを使用できません",
        "type": [Function],
      },
      "type": [Function],
    },
    "type": [Function],
  },
  Symbol(enzyme.__nodes__): Array [
    Object {
      "instance": null,
      "key": undefined,
      "nodeType": "class",
      "props": Object {
        "children": <View
          style={
            Object {
              "alignItems": "center",
              "flex": 1,
              "justifyContent": "center",
              "padding": 10,
            }
          }
        >
          <TextElement
            style={
              Object {
                "color": "white",
              }
            }
          >
            カメラを使用できません
          </TextElement>
        </View>,
        "style": Object {
          "backgroundColor": "#000",
          "flex": 1,
        },
      },
      "ref": null,
      "rendered": Object {
        "instance": null,
        "key": undefined,
        "nodeType": "class",
        "props": Object {
          "children": <TextElement
            style={
              Object {
                "color": "white",
              }
            }
          >
            カメラを使用できません
          </TextElement>,
          "style": Object {
            "alignItems": "center",
            "flex": 1,
            "justifyContent": "center",
            "padding": 10,
          },
        },
        "ref": null,
        "rendered": Object {
          "instance": null,
          "key": undefined,
          "nodeType": "function",
          "props": Object {
            "children": "カメラを使用できません",
            "style": Object {
              "color": "white",
            },
          },
          "ref": null,
          "rendered": "カメラを使用できません",
          "type": [Function],
        },
        "type": [Function],
      },
      "type": [Function],
    },
  ],
  Symbol(enzyme.__options__): Object {
    "adapter": ReactSixteenAdapter {
      "options": Object {
        "enableComponentDidUpdateOnSetState": true,
      },
    },
  },
}
`;
